pool=0 rawNext=A8000000 next=168 id=1890
pool=0 rawNext=A8000000 next=168 id=1891
pool=0 rawNext=A8000000 next=168 id=1872
pool=0 rawNext=A8000000 next=168 id=1873
pool=0 rawNext=A8000000 next=168 id=1874
pool=0 rawNext=A8000000 next=168 id=1885
pool=0 rawNext=A8000000 next=168 id=1886
pool=0 rawNext=A8000000 next=168 id=1887
pool=0 rawNext=A8000000 next=168 id=1888
pool=0 rawNext=A8000000 next=168 id=1889
pool=0 rawNext=A8000000 next=168 id=1881
pool=0 rawNext=A8000000 next=168 id=1877
pool=0 rawNext=A8000000 next=168 id=1879
pool=0 rawNext=A8000000 next=168 id=1880
pool=0 rawNext=A8000000 next=168 id=1882
pool=0 rawNext=A8000000 next=168 id=1878
pool=0 rawNext=A8000000 next=168 id=1892
pool=0 rawNext=A8000000 next=168 id=1893
pool=0 rawNext=A8000000 next=168 id=1894
pool=0 rawNext=A8000000 next=168 id=1895
pool=0 rawNext=A8000000 next=168 id=1896
pool=0 rawNext=A0000000 next=160 id=1883
pool=0 rawNext=A8000000 next=168 id=1875
pool=0 rawNext=A8000000 next=168 id=1897
pool=0 rawNext=A8000000 next=168 id=1876
pool=0 rawNext=A0000000 next=160 id=1884
pool=0 rawNext=A8000000 next=168 id=1996
pool=0 rawNext=A8000000 next=168 id=1997
pool=0 rawNext=A8000000 next=168 id=1998
pool=0 rawNext=A8000000 next=168 id=2003
pool=0 rawNext=A8000000 next=168 id=2004
pool=0 rawNext=A8000000 next=168 id=2005
pool=0 rawNext=A8000000 next=168 id=2006
pool=0 rawNext=A8000000 next=168 id=1988
pool=0 rawNext=A8000000 next=168 id=1989
pool=0 rawNext=A8000000 next=168 id=1990
pool=0 rawNext=A8000000 next=168 id=1991
pool=0 rawNext=A8000000 next=168 id=1992
pool=0 rawNext=A8000000 next=168 id=1974
pool=0 rawNext=A8000000 next=168 id=1975
pool=0 rawNext=A8000000 next=168 id=1976
pool=0 rawNext=A8000000 next=168 id=1977
pool=0 rawNext=A8000000 next=168 id=1978
pool=0 rawNext=A8000000 next=168 id=1979
pool=0 rawNext=A8000000 next=168 id=1980
pool=0 rawNext=A8000000 next=168 id=1981
pool=0 rawNext=A8000000 next=168 id=1982
pool=0 rawNext=A8000000 next=168 id=2007
pool=0 rawNext=A8000000 next=168 id=2008
pool=0 rawNext=A8000000 next=168 id=2009
pool=0 rawNext=A8000000 next=168 id=2010
pool=0 rawNext=A8000000 next=168 id=1983
pool=0 rawNext=A8000000 next=168 id=1984
pool=0 rawNext=A8000000 next=168 id=1985
pool=0 rawNext=A8000000 next=168 id=1986
pool=0 rawNext=A8000000 next=168 id=1987
pool=0 rawNext=A8000000 next=168 id=1955
pool=0 rawNext=A8000000 next=168 id=1956
pool=0 rawNext=A8000000 next=168 id=1957
pool=0 rawNext=A8000000 next=168 id=1958
pool=0 rawNext=A8000000 next=168 id=1965
pool=0 rawNext=A8000000 next=168 id=1966
pool=0 rawNext=A8000000 next=168 id=1970
pool=0 rawNext=A8000000 next=168 id=1971
pool=0 rawNext=A8000000 next=168 id=1972
pool=0 rawNext=A8000000 next=168 id=1973
pool=0 rawNext=A8000000 next=168 id=1963
pool=0 rawNext=A8000000 next=168 id=1959
pool=0 rawNext=A8000000 next=168 id=1961
pool=0 rawNext=A8000000 next=168 id=1962
pool=0 rawNext=A8000000 next=168 id=1964
pool=0 rawNext=A8000000 next=168 id=1960
pool=0 rawNext=A8000000 next=168 id=4293
pool=0 rawNext=A8000000 next=168 id=4294
pool=0 rawNext=A8000000 next=168 id=4295
pool=0 rawNext=A8000000 next=168 id=4258
pool=0 rawNext=A8000000 next=168 id=4259
pool=0 rawNext=A8000000 next=168 id=4260
pool=0 rawNext=A8000000 next=168 id=4263
pool=0 rawNext=A8000000 next=168 id=4264
pool=0 rawNext=A8000000 next=168 id=4265
pool=0 rawNext=A8000000 next=168 id=4274
pool=0 rawNext=A8000000 next=168 id=4270
pool=0 rawNext=A8000000 next=168 id=4272
pool=0 rawNext=A8000000 next=168 id=4273
pool=0 rawNext=A8000000 next=168 id=4275
pool=0 rawNext=A8000000 next=168 id=4271
pool=0 rawNext=A8000000 next=168 id=4296
pool=0 rawNext=A8000000 next=168 id=4297
pool=0 rawNext=A8000000 next=168 id=4298
pool=0 rawNext=A8000000 next=168 id=4299
pool=0 rawNext=A8000000 next=168 id=4285
pool=0 rawNext=A8000000 next=168 id=4286
pool=0 rawNext=A8000000 next=168 id=4287
pool=0 rawNext=A8000000 next=168 id=4288
pool=0 rawNext=A8000000 next=168 id=4289
pool=0 rawNext=A8000000 next=168 id=4266
pool=0 rawNext=A8000000 next=168 id=4267
pool=0 rawNext=A8000000 next=168 id=4268
pool=0 rawNext=A8000000 next=168 id=4269
pool=0 rawNext=A8000000 next=168 id=4278
pool=0 rawNext=A8000000 next=168 id=4279
pool=0 rawNext=A8000000 next=168 id=4281
pool=0 rawNext=A8000000 next=168 id=4282
pool=0 rawNext=A8000000 next=168 id=4283
pool=0 rawNext=A8000000 next=168 id=4284
pool=1 rawNext=1C000000 next=28 id=67
pool=1 rawNext=1C000000 next=28 id=62
pool=1 rawNext=1C000000 next=28 id=65
pool=1 rawNext=1C000000 next=28 id=63
pool=1 rawNext=1C000000 next=28 id=64
pool=1 rawNext=1C000000 next=28 id=68
pool=1 rawNext=1C000000 next=28 id=66
pool=1 rawNext=1C000000 next=28 id=99
pool=1 rawNext=1C000000 next=28 id=100
pool=1 rawNext=1C000000 next=28 id=97
pool=1 rawNext=1C000000 next=28 id=94
pool=1 rawNext=1C000000 next=28 id=95
pool=1 rawNext=1C000000 next=28 id=101
pool=1 rawNext=1C000000 next=28 id=96
pool=1 rawNext=1C000000 next=28 id=88
pool=1 rawNext=1C000000 next=28 id=91
pool=1 rawNext=1C000000 next=28 id=93
pool=1 rawNext=1C000000 next=28 id=89
pool=1 rawNext=1C000000 next=28 id=90
pool=1 rawNext=1C000000 next=28 id=784
pool=1 rawNext=1C000000 next=28 id=773
pool=1 rawNext=1C000000 next=28 id=776
pool=1 rawNext=1C000000 next=28 id=778
pool=1 rawNext=1C000000 next=28 id=779
pool=1 rawNext=1C000000 next=28 id=785
pool=1 rawNext=1C000000 next=28 id=782
pool=1 rawNext=1C000000 next=28 id=777
pool=1 rawNext=1C000000 next=28 id=780
pool=1 rawNext=1C000000 next=28 id=781
pool=3 rawNext=24000000 next=36 id=32998
pool=3 rawNext=30000000 next=48 id=32989
pool=3 rawNext=48000000 next=72 id=32995
pool=3 rawNext=54000000 next=84 id=32992
pool=3 rawNext=48000000 next=72 id=33001
pool=3 rawNext=18000000 next=24 id=32993
pool=3 rawNext=18000000 next=24 id=33003
pool=3 rawNext=18000000 next=24 id=32991
pool=3 rawNext=18000000 next=24 id=32994
pool=3 rawNext=30000000 next=48 id=32990
pool=3 rawNext=48000000 next=72 id=32997
pool=3 rawNext=24000000 next=36 id=32999
pool=3 rawNext=24000000 next=36 id=33000
pool=3 rawNext=48000000 next=72 id=33002
pool=3 rawNext=48000000 next=72 id=32996
pool=3 rawNext=30000000 next=48 id=33031
pool=3 rawNext=3C000000 next=60 id=33032
pool=3 rawNext=48000000 next=72 id=33030
pool=3 rawNext=3C000000 next=60 id=33025
pool=3 rawNext=3C000000 next=60 id=33026
pool=3 rawNext=48000000 next=72 id=33027
pool=3 rawNext=3C000000 next=60 id=33034
pool=3 rawNext=48000000 next=72 id=33029
pool=3 rawNext=3C000000 next=60 id=33019
pool=3 rawNext=24000000 next=36 id=33021
pool=3 rawNext=3C000000 next=60 id=33023
pool=3 rawNext=54000000 next=84 id=33020
pool=3 rawNext=3C000000 next=60 id=33033
pool=3 rawNext=3C000000 next=60 id=33024
pool=3 rawNext=24000000 next=36 id=33022
pool=3 rawNext=48000000 next=72 id=33028
pool=3 rawNext=30000000 next=48 id=33841
pool=3 rawNext=30000000 next=48 id=33830
pool=3 rawNext=30000000 next=48 id=33832
pool=3 rawNext=54000000 next=84 id=33835
pool=3 rawNext=3C000000 next=60 id=33842
pool=3 rawNext=3C000000 next=60 id=33843
pool=3 rawNext=48000000 next=72 id=33839
pool=3 rawNext=3C000000 next=60 id=33833
pool=3 rawNext=24000000 next=36 id=33836
pool=3 rawNext=3C000000 next=60 id=33838
pool=3 rawNext=48000000 next=72 id=33840
pool=3 rawNext=3C000000 next=60 id=33834
pool=3 rawNext=30000000 next=48 id=33831
pool=3 rawNext=24000000 next=36 id=33837
missing sample=1100 directories=1 first0=1117
missing sample=1101 directories=1 first0=1117
missing sample=1102 directories=1 first0=1117
missing sample=1166 directories=1 first0=1117
missing sample=1167 directories=1 first0=1117
missing sample=1168 directories=1 first0=1117
missing sample=1194 directories=1 first0=1117
missing sample=1195 directories=1 first0=1117
missing sample=1196 directories=1 first0=1117
missing sample=1197 directories=1 first0=1117
missing sample=1198 directories=1 first0=1117
missing sample=1205 directories=1 first0=1117
missing sample=1206 directories=1 first0=1117
missing sample=1212 directories=1 first0=1117
missing sample=1268 directories=1 first0=1117
missing sample=1269 directories=1 first0=1117
missing sample=1270 directories=1 first0=1117
missing sample=1271 directories=1 first0=1117
missing sample=1272 directories=1 first0=1117
missing sample=1273 directories=1 first0=1117
missing sample=1274 directories=1 first0=1117
missing sample=1275 directories=1 first0=1117
missing sample=1276 directories=1 first0=1117
missing sample=1277 directories=1 first0=1117
missing sample=1278 directories=1 first0=1117
missing sample=1279 directories=1 first0=1117
missing sample=1280 directories=1 first0=1117
missing sample=1281 directories=1 first0=1117
missing sample=1282 directories=1 first0=1117
missing sample=1289 directories=1 first0=1117
missing sample=1290 directories=1 first0=1117
missing sample=1291 directories=1 first0=1117
missing sample=1292 directories=1 first0=1117
missing sample=1293 directories=1 first0=1117
missing sample=1307 directories=1 first0=1117
missing sample=1308 directories=1 first0=1117
missing sample=1368 directories=1 first0=1117
missing sample=1369 directories=1 first0=1117
missing sample=1370 directories=1 first0=1117
missing sample=1371 directories=1 first0=1117
missing sample=1372 directories=1 first0=1117
missing sample=1375 directories=1 first0=1117
missing sample=1377 directories=1 first0=1117
missing sample=1406 directories=1 first0=1117
missing sample=1407 directories=1 first0=1117
missing sample=1408 directories=1 first0=1117
missing sample=1409 directories=1 first0=1117
missing sample=1426 directories=1 first0=1117
missing sample=1427 directories=1 first0=1117
missing sample=1428 directories=1 first0=1117
missing sample=1429 directories=1 first0=1117
pool=0 rawNext=40000000 next=64 id=1416
pool=0 rawNext=40000000 next=64 id=1358
pool=0 rawNext=40000000 next=64 id=1359
pool=0 rawNext=40000000 next=64 id=1360
pool=0 rawNext=40000000 next=64 id=1361
pool=0 rawNext=40000000 next=64 id=1362
pool=0 rawNext=40000000 next=64 id=1363
pool=0 rawNext=40000000 next=64 id=1364
pool=0 rawNext=40000000 next=64 id=1365
pool=0 rawNext=40000000 next=64 id=1366
pool=0 rawNext=40000000 next=64 id=1367
pool=0 rawNext=40000000 next=64 id=1368
pool=0 rawNext=40000000 next=64 id=1369
pool=0 rawNext=40000000 next=64 id=1370
pool=0 rawNext=40000000 next=64 id=1371
pool=0 rawNext=40000000 next=64 id=1372
pool=0 rawNext=40000000 next=64 id=1373
pool=0 rawNext=40000000 next=64 id=1374
pool=0 rawNext=40000000 next=64 id=1375
pool=0 rawNext=40000000 next=64 id=1376
pool=0 rawNext=40000000 next=64 id=1377
pool=0 rawNext=50000000 next=80 id=1378
pool=0 rawNext=50000000 next=80 id=1379
pool=0 rawNext=40000000 next=64 id=1380
pool=0 rawNext=40000000 next=64 id=1381
pool=0 rawNext=40000000 next=64 id=1382
pool=3 rawNext=24000000 next=36 id=32784
pool=3 rawNext=24000000 next=36 id=32785
pool=0 rawNext=50000000 next=80 id=1390
pool=0 rawNext=50000000 next=80 id=1391
pool=0 rawNext=48000000 next=72 id=1388
pool=0 rawNext=48000000 next=72 id=1389
pool=0 rawNext=40000000 next=64 id=1392
pool=0 rawNext=50000000 next=80 id=1393
pool=0 rawNext=60000000 next=96 id=1394
pool=0 rawNext=40000000 next=64 id=1395
pool=0 rawNext=40000000 next=64 id=1396
pool=0 rawNext=50000000 next=80 id=1397
pool=0 rawNext=40000000 next=64 id=1416
pool=3 rawNext=3C000000 next=60 id=32814
pool=0 rawNext=A8000000 next=168 id=1890
pool=0 rawNext=A8000000 next=168 id=1891
pool=0 rawNext=A8000000 next=168 id=1872
pool=0 rawNext=A8000000 next=168 id=1873
pool=0 rawNext=A8000000 next=168 id=1874
pool=0 rawNext=A8000000 next=168 id=1885
pool=0 rawNext=A8000000 next=168 id=1886
pool=0 rawNext=A8000000 next=168 id=1887
pool=0 rawNext=A8000000 next=168 id=1888
pool=0 rawNext=A8000000 next=168 id=1889
pool=0 rawNext=A8000000 next=168 id=1881
pool=0 rawNext=A8000000 next=168 id=1877
pool=0 rawNext=A8000000 next=168 id=1879
pool=0 rawNext=A8000000 next=168 id=1880
pool=0 rawNext=A8000000 next=168 id=1882
pool=0 rawNext=A8000000 next=168 id=1878
pool=0 rawNext=A8000000 next=168 id=1892
pool=0 rawNext=A8000000 next=168 id=1893
pool=0 rawNext=A8000000 next=168 id=1894
pool=0 rawNext=A8000000 next=168 id=1895
pool=0 rawNext=A8000000 next=168 id=1896
pool=0 rawNext=A0000000 next=160 id=1883
pool=0 rawNext=A8000000 next=168 id=1875
pool=0 rawNext=A8000000 next=168 id=1897
pool=0 rawNext=A8000000 next=168 id=1876
pool=0 rawNext=A0000000 next=160 id=1884
pool=0 rawNext=A8000000 next=168 id=1996
pool=0 rawNext=A8000000 next=168 id=1997
pool=0 rawNext=A8000000 next=168 id=1998
pool=0 rawNext=A8000000 next=168 id=2003
pool=0 rawNext=A8000000 next=168 id=2004
pool=0 rawNext=A8000000 next=168 id=2005
pool=0 rawNext=A8000000 next=168 id=2006
pool=0 rawNext=A8000000 next=168 id=1988
pool=0 rawNext=A8000000 next=168 id=1989
pool=0 rawNext=A8000000 next=168 id=1990
pool=0 rawNext=A8000000 next=168 id=1991
pool=0 rawNext=A8000000 next=168 id=1992
pool=0 rawNext=A8000000 next=168 id=1974
pool=0 rawNext=A8000000 next=168 id=1975
pool=0 rawNext=A8000000 next=168 id=1976
pool=0 rawNext=A8000000 next=168 id=1977
pool=0 rawNext=A8000000 next=168 id=1978
pool=0 rawNext=A8000000 next=168 id=1979
pool=0 rawNext=A8000000 next=168 id=1980
pool=0 rawNext=A8000000 next=168 id=1981
pool=0 rawNext=A8000000 next=168 id=1982
pool=0 rawNext=A8000000 next=168 id=2007
pool=0 rawNext=A8000000 next=168 id=2008
pool=0 rawNext=A8000000 next=168 id=2009
pool=0 rawNext=A8000000 next=168 id=2010
pool=0 rawNext=A8000000 next=168 id=1983
pool=0 rawNext=A8000000 next=168 id=1984
pool=0 rawNext=A8000000 next=168 id=1985
pool=0 rawNext=A8000000 next=168 id=1986
pool=0 rawNext=A8000000 next=168 id=1987
pool=0 rawNext=A8000000 next=168 id=1955
pool=0 rawNext=A8000000 next=168 id=1956
pool=0 rawNext=A8000000 next=168 id=1957
pool=0 rawNext=A8000000 next=168 id=1958
pool=0 rawNext=A8000000 next=168 id=1965
pool=0 rawNext=A8000000 next=168 id=1966
pool=0 rawNext=A8000000 next=168 id=1970
pool=0 rawNext=A8000000 next=168 id=1971
pool=0 rawNext=A8000000 next=168 id=1972
pool=0 rawNext=A8000000 next=168 id=1973
pool=0 rawNext=A8000000 next=168 id=1963
pool=0 rawNext=A8000000 next=168 id=1959
pool=0 rawNext=A8000000 next=168 id=1961
pool=0 rawNext=A8000000 next=168 id=1962
pool=0 rawNext=A8000000 next=168 id=1964
pool=0 rawNext=A8000000 next=168 id=1960
pool=0 rawNext=A8000000 next=168 id=4293
pool=0 rawNext=A8000000 next=168 id=4294
pool=0 rawNext=A8000000 next=168 id=4295
pool=0 rawNext=A8000000 next=168 id=4258
pool=0 rawNext=A8000000 next=168 id=4259
pool=0 rawNext=A8000000 next=168 id=4260
pool=0 rawNext=A8000000 next=168 id=4263
pool=0 rawNext=A8000000 next=168 id=4264
pool=0 rawNext=A8000000 next=168 id=4265
pool=0 rawNext=A8000000 next=168 id=4274
pool=0 rawNext=A8000000 next=168 id=4270
pool=0 rawNext=A8000000 next=168 id=4272
pool=0 rawNext=A8000000 next=168 id=4273
pool=0 rawNext=A8000000 next=168 id=4275
pool=0 rawNext=A8000000 next=168 id=4271
pool=0 rawNext=A8000000 next=168 id=4296
pool=0 rawNext=A8000000 next=168 id=4297
pool=0 rawNext=A8000000 next=168 id=4298
pool=0 rawNext=A8000000 next=168 id=4299
pool=0 rawNext=A8000000 next=168 id=4285
pool=0 rawNext=A8000000 next=168 id=4286
pool=0 rawNext=A8000000 next=168 id=4287
pool=0 rawNext=A8000000 next=168 id=4288
pool=0 rawNext=A8000000 next=168 id=4289
pool=0 rawNext=A8000000 next=168 id=4266
pool=0 rawNext=A8000000 next=168 id=4267
pool=0 rawNext=A8000000 next=168 id=4268
pool=0 rawNext=A8000000 next=168 id=4269
pool=0 rawNext=A8000000 next=168 id=4278
pool=0 rawNext=A8000000 next=168 id=4279
pool=0 rawNext=A8000000 next=168 id=4281
pool=0 rawNext=A8000000 next=168 id=4282
pool=0 rawNext=A8000000 next=168 id=4283
pool=0 rawNext=A8000000 next=168 id=4284
pool=1 rawNext=1C000000 next=28 id=67
pool=1 rawNext=1C000000 next=28 id=62
pool=1 rawNext=1C000000 next=28 id=65
pool=1 rawNext=1C000000 next=28 id=63
pool=1 rawNext=1C000000 next=28 id=64
pool=1 rawNext=1C000000 next=28 id=68
pool=1 rawNext=1C000000 next=28 id=66
pool=1 rawNext=1C000000 next=28 id=99
pool=1 rawNext=1C000000 next=28 id=100
pool=1 rawNext=1C000000 next=28 id=97
pool=1 rawNext=1C000000 next=28 id=94
pool=1 rawNext=1C000000 next=28 id=95
pool=1 rawNext=1C000000 next=28 id=101
pool=1 rawNext=1C000000 next=28 id=96
pool=1 rawNext=1C000000 next=28 id=88
pool=1 rawNext=1C000000 next=28 id=91
pool=1 rawNext=1C000000 next=28 id=93
pool=1 rawNext=1C000000 next=28 id=89
pool=1 rawNext=1C000000 next=28 id=90
pool=1 rawNext=1C000000 next=28 id=784
pool=1 rawNext=1C000000 next=28 id=773
pool=1 rawNext=1C000000 next=28 id=776
pool=1 rawNext=1C000000 next=28 id=778
pool=1 rawNext=1C000000 next=28 id=779
pool=1 rawNext=1C000000 next=28 id=785
pool=1 rawNext=1C000000 next=28 id=782
pool=1 rawNext=1C000000 next=28 id=777
pool=1 rawNext=1C000000 next=28 id=780
pool=1 rawNext=1C000000 next=28 id=781
pool=3 rawNext=24000000 next=36 id=32998
pool=3 rawNext=30000000 next=48 id=32989
pool=3 rawNext=48000000 next=72 id=32995
pool=3 rawNext=54000000 next=84 id=32992
pool=3 rawNext=48000000 next=72 id=33001
pool=3 rawNext=18000000 next=24 id=32993
pool=3 rawNext=18000000 next=24 id=33003
pool=3 rawNext=18000000 next=24 id=32991
pool=3 rawNext=18000000 next=24 id=32994
pool=3 rawNext=30000000 next=48 id=32990
pool=3 rawNext=48000000 next=72 id=32997
pool=3 rawNext=24000000 next=36 id=32999
pool=3 rawNext=24000000 next=36 id=33000
pool=3 rawNext=48000000 next=72 id=33002
pool=3 rawNext=48000000 next=72 id=32996
pool=3 rawNext=30000000 next=48 id=33031
pool=3 rawNext=3C000000 next=60 id=33032
pool=3 rawNext=48000000 next=72 id=33030
pool=3 rawNext=3C000000 next=60 id=33025
pool=3 rawNext=3C000000 next=60 id=33026
pool=3 rawNext=48000000 next=72 id=33027
pool=3 rawNext=3C000000 next=60 id=33034
pool=3 rawNext=48000000 next=72 id=33029
pool=3 rawNext=3C000000 next=60 id=33019
pool=3 rawNext=24000000 next=36 id=33021
pool=3 rawNext=3C000000 next=60 id=33023
pool=3 rawNext=54000000 next=84 id=33020
pool=3 rawNext=3C000000 next=60 id=33033
pool=3 rawNext=3C000000 next=60 id=33024
pool=3 rawNext=24000000 next=36 id=33022
pool=3 rawNext=48000000 next=72 id=33028
pool=3 rawNext=30000000 next=48 id=33841
pool=3 rawNext=30000000 next=48 id=33830
pool=3 rawNext=30000000 next=48 id=33832
pool=3 rawNext=54000000 next=84 id=33835
pool=3 rawNext=3C000000 next=60 id=33842
pool=3 rawNext=3C000000 next=60 id=33843
pool=3 rawNext=48000000 next=72 id=33839
pool=3 rawNext=3C000000 next=60 id=33833
pool=3 rawNext=24000000 next=36 id=33836
pool=3 rawNext=3C000000 next=60 id=33838
pool=3 rawNext=48000000 next=72 id=33840
pool=3 rawNext=3C000000 next=60 id=33834
pool=3 rawNext=30000000 next=48 id=33831
pool=3 rawNext=24000000 next=36 id=33837
missing sample=1100 directories=1 first0=1117
missing sample=1101 directories=1 first0=1117
missing sample=1102 directories=1 first0=1117
missing sample=1166 directories=1 first0=1117
missing sample=1167 directories=1 first0=1117
missing sample=1168 directories=1 first0=1117
missing sample=1194 directories=1 first0=1117
missing sample=1195 directories=1 first0=1117
missing sample=1196 directories=1 first0=1117
missing sample=1197 directories=1 first0=1117
missing sample=1198 directories=1 first0=1117
missing sample=1205 directories=1 first0=1117
missing sample=1206 directories=1 first0=1117
missing sample=1212 directories=1 first0=1117
missing sample=1268 directories=1 first0=1117
missing sample=1269 directories=1 first0=1117
missing sample=1270 directories=1 first0=1117
missing sample=1271 directories=1 first0=1117
missing sample=1272 directories=1 first0=1117
missing sample=1273 directories=1 first0=1117
missing sample=1274 directories=1 first0=1117
missing sample=1275 directories=1 first0=1117
missing sample=1276 directories=1 first0=1117
missing sample=1277 directories=1 first0=1117
missing sample=1278 directories=1 first0=1117
missing sample=1279 directories=1 first0=1117
missing sample=1280 directories=1 first0=1117
missing sample=1281 directories=1 first0=1117
missing sample=1282 directories=1 first0=1117
missing sample=1289 directories=1 first0=1117
missing sample=1290 directories=1 first0=1117
missing sample=1291 directories=1 first0=1117
missing sample=1292 directories=1 first0=1117
missing sample=1293 directories=1 first0=1117
missing sample=1307 directories=1 first0=1117
missing sample=1308 directories=1 first0=1117
missing sample=1368 directories=1 first0=1117
missing sample=1369 directories=1 first0=1117
missing sample=1370 directories=1 first0=1117
missing sample=1371 directories=1 first0=1117
missing sample=1372 directories=1 first0=1117
missing sample=1375 directories=1 first0=1117
missing sample=1377 directories=1 first0=1117
missing sample=1406 directories=1 first0=1117
missing sample=1407 directories=1 first0=1117
missing sample=1408 directories=1 first0=1117
missing sample=1409 directories=1 first0=1117
missing sample=1426 directories=1 first0=1117
missing sample=1427 directories=1 first0=1117
missing sample=1428 directories=1 first0=1117
missing sample=1429 directories=1 first0=1117
pool=0 rawNext=40000000 next=64 id=1416
pool=0 rawNext=40000000 next=64 id=1358
pool=0 rawNext=40000000 next=64 id=1359
pool=0 rawNext=40000000 next=64 id=1360
pool=0 rawNext=40000000 next=64 id=1361
pool=0 rawNext=40000000 next=64 id=1362
pool=0 rawNext=40000000 next=64 id=1363
pool=0 rawNext=40000000 next=64 id=1364
pool=0 rawNext=40000000 next=64 id=1365
pool=0 rawNext=40000000 next=64 id=1366
pool=0 rawNext=40000000 next=64 id=1367
pool=0 rawNext=40000000 next=64 id=1368
pool=0 rawNext=40000000 next=64 id=1369
pool=0 rawNext=40000000 next=64 id=1370
pool=0 rawNext=40000000 next=64 id=1371
pool=0 rawNext=40000000 next=64 id=1372
pool=0 rawNext=40000000 next=64 id=1373
pool=0 rawNext=40000000 next=64 id=1374
pool=0 rawNext=40000000 next=64 id=1375
pool=0 rawNext=40000000 next=64 id=1376
pool=0 rawNext=40000000 next=64 id=1377
pool=0 rawNext=50000000 next=80 id=1378
pool=0 rawNext=50000000 next=80 id=1379
pool=0 rawNext=40000000 next=64 id=1380
pool=0 rawNext=40000000 next=64 id=1381
pool=0 rawNext=40000000 next=64 id=1382
pool=3 rawNext=24000000 next=36 id=32784
pool=3 rawNext=24000000 next=36 id=32785
pool=0 rawNext=50000000 next=80 id=1390
pool=0 rawNext=50000000 next=80 id=1391
pool=0 rawNext=48000000 next=72 id=1388
pool=0 rawNext=48000000 next=72 id=1389
pool=0 rawNext=40000000 next=64 id=1392
pool=0 rawNext=50000000 next=80 id=1393
pool=0 rawNext=60000000 next=96 id=1394
pool=0 rawNext=40000000 next=64 id=1395
pool=0 rawNext=40000000 next=64 id=1396
pool=0 rawNext=50000000 next=80 id=1397
pool=0 rawNext=40000000 next=64 id=1416
pool=3 rawNext=3C000000 next=60 id=32814
pool=0 rawNext=A8000000 next=168 id=1890
pool=0 rawNext=A8000000 next=168 id=1891
pool=0 rawNext=A8000000 next=168 id=1872
pool=0 rawNext=A8000000 next=168 id=1873
pool=0 rawNext=A8000000 next=168 id=1874
pool=0 rawNext=A8000000 next=168 id=1885
pool=0 rawNext=A8000000 next=168 id=1886
pool=0 rawNext=A8000000 next=168 id=1887
pool=0 rawNext=A8000000 next=168 id=1888
pool=0 rawNext=A8000000 next=168 id=1889
pool=0 rawNext=A8000000 next=168 id=1881
pool=0 rawNext=A8000000 next=168 id=1877
pool=0 rawNext=A8000000 next=168 id=1879
pool=0 rawNext=A8000000 next=168 id=1880
pool=0 rawNext=A8000000 next=168 id=1882
pool=0 rawNext=A8000000 next=168 id=1878
pool=0 rawNext=A8000000 next=168 id=1892
pool=0 rawNext=A8000000 next=168 id=1893
pool=0 rawNext=A8000000 next=168 id=1894
pool=0 rawNext=A8000000 next=168 id=1895
pool=0 rawNext=A8000000 next=168 id=1896
pool=0 rawNext=A0000000 next=160 id=1883
pool=0 rawNext=A8000000 next=168 id=1875
pool=0 rawNext=A8000000 next=168 id=1897
pool=0 rawNext=A8000000 next=168 id=1876
pool=0 rawNext=A0000000 next=160 id=1884
pool=0 rawNext=A8000000 next=168 id=1996
pool=0 rawNext=A8000000 next=168 id=1997
pool=0 rawNext=A8000000 next=168 id=1998
pool=0 rawNext=A8000000 next=168 id=2003
pool=0 rawNext=A8000000 next=168 id=2004
pool=0 rawNext=A8000000 next=168 id=2005
pool=0 rawNext=A8000000 next=168 id=2006
pool=0 rawNext=A8000000 next=168 id=1988
pool=0 rawNext=A8000000 next=168 id=1989
pool=0 rawNext=A8000000 next=168 id=1990
pool=0 rawNext=A8000000 next=168 id=1991
pool=0 rawNext=A8000000 next=168 id=1992
pool=0 rawNext=A8000000 next=168 id=1974
pool=0 rawNext=A8000000 next=168 id=1975
pool=0 rawNext=A8000000 next=168 id=1976
pool=0 rawNext=A8000000 next=168 id=1977
pool=0 rawNext=A8000000 next=168 id=1978
pool=0 rawNext=A8000000 next=168 id=1979
pool=0 rawNext=A8000000 next=168 id=1980
pool=0 rawNext=A8000000 next=168 id=1981
pool=0 rawNext=A8000000 next=168 id=1982
pool=0 rawNext=A8000000 next=168 id=2007
pool=0 rawNext=A8000000 next=168 id=2008
pool=0 rawNext=A8000000 next=168 id=2009
pool=0 rawNext=A8000000 next=168 id=2010
pool=0 rawNext=A8000000 next=168 id=1983
pool=0 rawNext=A8000000 next=168 id=1984
pool=0 rawNext=A8000000 next=168 id=1985
pool=0 rawNext=A8000000 next=168 id=1986
pool=0 rawNext=A8000000 next=168 id=1987
pool=0 rawNext=A8000000 next=168 id=1955
pool=0 rawNext=A8000000 next=168 id=1956
pool=0 rawNext=A8000000 next=168 id=1957
pool=0 rawNext=A8000000 next=168 id=1958
pool=0 rawNext=A8000000 next=168 id=1965
pool=0 rawNext=A8000000 next=168 id=1966
pool=0 rawNext=A8000000 next=168 id=1970
pool=0 rawNext=A8000000 next=168 id=1971
pool=0 rawNext=A8000000 next=168 id=1972
pool=0 rawNext=A8000000 next=168 id=1973
pool=0 rawNext=A8000000 next=168 id=1963
pool=0 rawNext=A8000000 next=168 id=1959
pool=0 rawNext=A8000000 next=168 id=1961
pool=0 rawNext=A8000000 next=168 id=1962
pool=0 rawNext=A8000000 next=168 id=1964
pool=0 rawNext=A8000000 next=168 id=1960
pool=0 rawNext=A8000000 next=168 id=4293
pool=0 rawNext=A8000000 next=168 id=4294
pool=0 rawNext=A8000000 next=168 id=4295
pool=0 rawNext=A8000000 next=168 id=4258
pool=0 rawNext=A8000000 next=168 id=4259
pool=0 rawNext=A8000000 next=168 id=4260
pool=0 rawNext=A8000000 next=168 id=4263
pool=0 rawNext=A8000000 next=168 id=4264
pool=0 rawNext=A8000000 next=168 id=4265
pool=0 rawNext=A8000000 next=168 id=4274
pool=0 rawNext=A8000000 next=168 id=4270
pool=0 rawNext=A8000000 next=168 id=4272
pool=0 rawNext=A8000000 next=168 id=4273
pool=0 rawNext=A8000000 next=168 id=4275
pool=0 rawNext=A8000000 next=168 id=4271
pool=0 rawNext=A8000000 next=168 id=4296
pool=0 rawNext=A8000000 next=168 id=4297
pool=0 rawNext=A8000000 next=168 id=4298
pool=0 rawNext=A8000000 next=168 id=4299
pool=0 rawNext=A8000000 next=168 id=4285
pool=0 rawNext=A8000000 next=168 id=4286
pool=0 rawNext=A8000000 next=168 id=4287
pool=0 rawNext=A8000000 next=168 id=4288
pool=0 rawNext=A8000000 next=168 id=4289
pool=0 rawNext=A8000000 next=168 id=4266
pool=0 rawNext=A8000000 next=168 id=4267
pool=0 rawNext=A8000000 next=168 id=4268
pool=0 rawNext=A8000000 next=168 id=4269
pool=0 rawNext=A8000000 next=168 id=4278
pool=0 rawNext=A8000000 next=168 id=4279
pool=0 rawNext=A8000000 next=168 id=4281
pool=0 rawNext=A8000000 next=168 id=4282
pool=0 rawNext=A8000000 next=168 id=4283
pool=0 rawNext=A8000000 next=168 id=4284
pool=1 rawNext=1C000000 next=28 id=67
pool=1 rawNext=1C000000 next=28 id=62
pool=1 rawNext=1C000000 next=28 id=65
pool=1 rawNext=1C000000 next=28 id=63
pool=1 rawNext=1C000000 next=28 id=64
pool=1 rawNext=1C000000 next=28 id=68
pool=1 rawNext=1C000000 next=28 id=66
pool=1 rawNext=1C000000 next=28 id=99
pool=1 rawNext=1C000000 next=28 id=100
pool=1 rawNext=1C000000 next=28 id=97
pool=1 rawNext=1C000000 next=28 id=94
pool=1 rawNext=1C000000 next=28 id=95
pool=1 rawNext=1C000000 next=28 id=101
pool=1 rawNext=1C000000 next=28 id=96
pool=1 rawNext=1C000000 next=28 id=88
pool=1 rawNext=1C000000 next=28 id=91
pool=1 rawNext=1C000000 next=28 id=93
pool=1 rawNext=1C000000 next=28 id=89
pool=1 rawNext=1C000000 next=28 id=90
pool=1 rawNext=1C000000 next=28 id=784
pool=1 rawNext=1C000000 next=28 id=773
pool=1 rawNext=1C000000 next=28 id=776
pool=1 rawNext=1C000000 next=28 id=778
pool=1 rawNext=1C000000 next=28 id=779
pool=1 rawNext=1C000000 next=28 id=785
pool=1 rawNext=1C000000 next=28 id=782
pool=1 rawNext=1C000000 next=28 id=777
pool=1 rawNext=1C000000 next=28 id=780
pool=1 rawNext=1C000000 next=28 id=781
pool=3 rawNext=24000000 next=36 id=32998
pool=3 rawNext=30000000 next=48 id=32989
pool=3 rawNext=48000000 next=72 id=32995
pool=3 rawNext=54000000 next=84 id=32992
pool=3 rawNext=48000000 next=72 id=33001
pool=3 rawNext=18000000 next=24 id=32993
pool=3 rawNext=18000000 next=24 id=33003
pool=3 rawNext=18000000 next=24 id=32991
pool=3 rawNext=18000000 next=24 id=32994
pool=3 rawNext=30000000 next=48 id=32990
pool=3 rawNext=48000000 next=72 id=32997
pool=3 rawNext=24000000 next=36 id=32999
pool=3 rawNext=24000000 next=36 id=33000
pool=3 rawNext=48000000 next=72 id=33002
pool=3 rawNext=48000000 next=72 id=32996
pool=3 rawNext=30000000 next=48 id=33031
pool=3 rawNext=3C000000 next=60 id=33032
pool=3 rawNext=48000000 next=72 id=33030
pool=3 rawNext=3C000000 next=60 id=33025
pool=3 rawNext=3C000000 next=60 id=33026
pool=3 rawNext=48000000 next=72 id=33027
pool=3 rawNext=3C000000 next=60 id=33034
pool=3 rawNext=48000000 next=72 id=33029
pool=3 rawNext=3C000000 next=60 id=33019
pool=3 rawNext=24000000 next=36 id=33021
pool=3 rawNext=3C000000 next=60 id=33023
pool=3 rawNext=54000000 next=84 id=33020
pool=3 rawNext=3C000000 next=60 id=33033
pool=3 rawNext=3C000000 next=60 id=33024
pool=3 rawNext=24000000 next=36 id=33022
pool=3 rawNext=48000000 next=72 id=33028
pool=3 rawNext=30000000 next=48 id=33841
pool=3 rawNext=30000000 next=48 id=33830
pool=3 rawNext=30000000 next=48 id=33832
pool=3 rawNext=54000000 next=84 id=33835
pool=3 rawNext=3C000000 next=60 id=33842
pool=3 rawNext=3C000000 next=60 id=33843
pool=3 rawNext=48000000 next=72 id=33839
pool=3 rawNext=3C000000 next=60 id=33833
pool=3 rawNext=24000000 next=36 id=33836
pool=3 rawNext=3C000000 next=60 id=33838
pool=3 rawNext=48000000 next=72 id=33840
pool=3 rawNext=3C000000 next=60 id=33834
pool=3 rawNext=30000000 next=48 id=33831
pool=3 rawNext=24000000 next=36 id=33837
missing sample=1100 directories=1 first0=1117
missing sample=1101 directories=1 first0=1117
missing sample=1102 directories=1 first0=1117
missing sample=1166 directories=1 first0=1117
missing sample=1167 directories=1 first0=1117
missing sample=1168 directories=1 first0=1117
missing sample=1194 directories=1 first0=1117
missing sample=1195 directories=1 first0=1117
missing sample=1196 directories=1 first0=1117
missing sample=1197 directories=1 first0=1117
missing sample=1198 directories=1 first0=1117
missing sample=1205 directories=1 first0=1117
missing sample=1206 directories=1 first0=1117
missing sample=1212 directories=1 first0=1117
missing sample=1268 directories=1 first0=1117
missing sample=1269 directories=1 first0=1117
missing sample=1270 directories=1 first0=1117
missing sample=1271 directories=1 first0=1117
missing sample=1272 directories=1 first0=1117
missing sample=1273 directories=1 first0=1117
missing sample=1274 directories=1 first0=1117
missing sample=1275 directories=1 first0=1117
missing sample=1276 directories=1 first0=1117
missing sample=1277 directories=1 first0=1117
missing sample=1278 directories=1 first0=1117
missing sample=1279 directories=1 first0=1117
missing sample=1280 directories=1 first0=1117
missing sample=1281 directories=1 first0=1117
missing sample=1282 directories=1 first0=1117
missing sample=1289 directories=1 first0=1117
missing sample=1290 directories=1 first0=1117
missing sample=1291 directories=1 first0=1117
missing sample=1292 directories=1 first0=1117
missing sample=1293 directories=1 first0=1117
missing sample=1307 directories=1 first0=1117
missing sample=1308 directories=1 first0=1117
missing sample=1368 directories=1 first0=1117
missing sample=1369 directories=1 first0=1117
missing sample=1370 directories=1 first0=1117
missing sample=1371 directories=1 first0=1117
missing sample=1372 directories=1 first0=1117
missing sample=1375 directories=1 first0=1117
missing sample=1377 directories=1 first0=1117
missing sample=1406 directories=1 first0=1117
missing sample=1407 directories=1 first0=1117
missing sample=1408 directories=1 first0=1117
missing sample=1409 directories=1 first0=1117
missing sample=1426 directories=1 first0=1117
missing sample=1427 directories=1 first0=1117
missing sample=1428 directories=1 first0=1117
missing sample=1429 directories=1 first0=1117
pool=0 rawNext=40000000 next=64 id=1416
pool=0 rawNext=40000000 next=64 id=1358
pool=0 rawNext=40000000 next=64 id=1359
pool=0 rawNext=40000000 next=64 id=1360
pool=0 rawNext=40000000 next=64 id=1361
pool=0 rawNext=40000000 next=64 id=1362
pool=0 rawNext=40000000 next=64 id=1363
pool=0 rawNext=40000000 next=64 id=1364
pool=0 rawNext=40000000 next=64 id=1365
pool=0 rawNext=40000000 next=64 id=1366
pool=0 rawNext=40000000 next=64 id=1367
pool=0 rawNext=40000000 next=64 id=1368
pool=0 rawNext=40000000 next=64 id=1369
pool=0 rawNext=40000000 next=64 id=1370
pool=0 rawNext=40000000 next=64 id=1371
pool=0 rawNext=40000000 next=64 id=1372
pool=0 rawNext=40000000 next=64 id=1373
pool=0 rawNext=40000000 next=64 id=1374
pool=0 rawNext=40000000 next=64 id=1375
pool=0 rawNext=40000000 next=64 id=1376
pool=0 rawNext=40000000 next=64 id=1377
pool=0 rawNext=50000000 next=80 id=1378
pool=0 rawNext=50000000 next=80 id=1379
pool=0 rawNext=40000000 next=64 id=1380
pool=0 rawNext=40000000 next=64 id=1381
pool=0 rawNext=40000000 next=64 id=1382
pool=3 rawNext=24000000 next=36 id=32784
pool=3 rawNext=24000000 next=36 id=32785
pool=0 rawNext=50000000 next=80 id=1390
pool=0 rawNext=50000000 next=80 id=1391
pool=0 rawNext=48000000 next=72 id=1388
pool=0 rawNext=48000000 next=72 id=1389
pool=0 rawNext=40000000 next=64 id=1392
pool=0 rawNext=50000000 next=80 id=1393
pool=0 rawNext=60000000 next=96 id=1394
pool=0 rawNext=40000000 next=64 id=1395
pool=0 rawNext=40000000 next=64 id=1396
pool=0 rawNext=50000000 next=80 id=1397
pool=0 rawNext=40000000 next=64 id=1416
pool=3 rawNext=3C000000 next=60 id=32814
pool=0 rawNext=A8000000 next=168 id=1890
pool=0 rawNext=A8000000 next=168 id=1891
pool=0 rawNext=A8000000 next=168 id=1872
pool=0 rawNext=A8000000 next=168 id=1873
pool=0 rawNext=A8000000 next=168 id=1874
pool=0 rawNext=A8000000 next=168 id=1885
pool=0 rawNext=A8000000 next=168 id=1886
pool=0 rawNext=A8000000 next=168 id=1887
pool=0 rawNext=A8000000 next=168 id=1888
pool=0 rawNext=A8000000 next=168 id=1889
pool=0 rawNext=A8000000 next=168 id=1881
pool=0 rawNext=A8000000 next=168 id=1877
pool=0 rawNext=A8000000 next=168 id=1879
pool=0 rawNext=A8000000 next=168 id=1880
pool=0 rawNext=A8000000 next=168 id=1882
pool=0 rawNext=A8000000 next=168 id=1878
pool=0 rawNext=A8000000 next=168 id=1892
pool=0 rawNext=A8000000 next=168 id=1893
pool=0 rawNext=A8000000 next=168 id=1894
pool=0 rawNext=A8000000 next=168 id=1895
pool=0 rawNext=A8000000 next=168 id=1896
pool=0 rawNext=A0000000 next=160 id=1883
pool=0 rawNext=A8000000 next=168 id=1875
pool=0 rawNext=A8000000 next=168 id=1897
pool=0 rawNext=A8000000 next=168 id=1876
pool=0 rawNext=A0000000 next=160 id=1884
pool=0 rawNext=A8000000 next=168 id=1996
pool=0 rawNext=A8000000 next=168 id=1997
pool=0 rawNext=A8000000 next=168 id=1998
pool=0 rawNext=A8000000 next=168 id=2003
pool=0 rawNext=A8000000 next=168 id=2004
pool=0 rawNext=A8000000 next=168 id=2005
pool=0 rawNext=A8000000 next=168 id=2006
pool=0 rawNext=A8000000 next=168 id=1988
pool=0 rawNext=A8000000 next=168 id=1989
pool=0 rawNext=A8000000 next=168 id=1990
pool=0 rawNext=A8000000 next=168 id=1991
pool=0 rawNext=A8000000 next=168 id=1992
pool=0 rawNext=A8000000 next=168 id=1974
pool=0 rawNext=A8000000 next=168 id=1975
pool=0 rawNext=A8000000 next=168 id=1976
pool=0 rawNext=A8000000 next=168 id=1977
pool=0 rawNext=A8000000 next=168 id=1978
pool=0 rawNext=A8000000 next=168 id=1979
pool=0 rawNext=A8000000 next=168 id=1980
pool=0 rawNext=A8000000 next=168 id=1981
pool=0 rawNext=A8000000 next=168 id=1982
pool=0 rawNext=A8000000 next=168 id=2007
pool=0 rawNext=A8000000 next=168 id=2008
pool=0 rawNext=A8000000 next=168 id=2009
pool=0 rawNext=A8000000 next=168 id=2010
pool=0 rawNext=A8000000 next=168 id=1983
pool=0 rawNext=A8000000 next=168 id=1984
pool=0 rawNext=A8000000 next=168 id=1985
pool=0 rawNext=A8000000 next=168 id=1986
pool=0 rawNext=A8000000 next=168 id=1987
pool=0 rawNext=A8000000 next=168 id=1955
pool=0 rawNext=A8000000 next=168 id=1956
pool=0 rawNext=A8000000 next=168 id=1957
pool=0 rawNext=A8000000 next=168 id=1958
pool=0 rawNext=A8000000 next=168 id=1965
pool=0 rawNext=A8000000 next=168 id=1966
pool=0 rawNext=A8000000 next=168 id=1970
pool=0 rawNext=A8000000 next=168 id=1971
pool=0 rawNext=A8000000 next=168 id=1972
pool=0 rawNext=A8000000 next=168 id=1973
pool=0 rawNext=A8000000 next=168 id=1963
pool=0 rawNext=A8000000 next=168 id=1959
pool=0 rawNext=A8000000 next=168 id=1961
pool=0 rawNext=A8000000 next=168 id=1962
pool=0 rawNext=A8000000 next=168 id=1964
pool=0 rawNext=A8000000 next=168 id=1960
pool=0 rawNext=A8000000 next=168 id=4293
pool=0 rawNext=A8000000 next=168 id=4294
pool=0 rawNext=A8000000 next=168 id=4295
pool=0 rawNext=A8000000 next=168 id=4258
pool=0 rawNext=A8000000 next=168 id=4259
pool=0 rawNext=A8000000 next=168 id=4260
pool=0 rawNext=A8000000 next=168 id=4263
pool=0 rawNext=A8000000 next=168 id=4264
pool=0 rawNext=A8000000 next=168 id=4265
pool=0 rawNext=A8000000 next=168 id=4274
pool=0 rawNext=A8000000 next=168 id=4270
pool=0 rawNext=A8000000 next=168 id=4272
pool=0 rawNext=A8000000 next=168 id=4273
pool=0 rawNext=A8000000 next=168 id=4275
pool=0 rawNext=A8000000 next=168 id=4271
pool=0 rawNext=A8000000 next=168 id=4296
pool=0 rawNext=A8000000 next=168 id=4297
pool=0 rawNext=A8000000 next=168 id=4298
pool=0 rawNext=A8000000 next=168 id=4299
pool=0 rawNext=A8000000 next=168 id=4285
pool=0 rawNext=A8000000 next=168 id=4286
pool=0 rawNext=A8000000 next=168 id=4287
pool=0 rawNext=A8000000 next=168 id=4288
pool=0 rawNext=A8000000 next=168 id=4289
pool=0 rawNext=A8000000 next=168 id=4266
pool=0 rawNext=A8000000 next=168 id=4267
pool=0 rawNext=A8000000 next=168 id=4268
pool=0 rawNext=A8000000 next=168 id=4269
pool=0 rawNext=A8000000 next=168 id=4278
pool=0 rawNext=A8000000 next=168 id=4279
pool=0 rawNext=A8000000 next=168 id=4281
pool=0 rawNext=A8000000 next=168 id=4282
pool=0 rawNext=A8000000 next=168 id=4283
pool=0 rawNext=A8000000 next=168 id=4284
pool=1 rawNext=1C000000 next=28 id=67
pool=1 rawNext=1C000000 next=28 id=62
pool=1 rawNext=1C000000 next=28 id=65
pool=1 rawNext=1C000000 next=28 id=63
pool=1 rawNext=1C000000 next=28 id=64
pool=1 rawNext=1C000000 next=28 id=68
pool=1 rawNext=1C000000 next=28 id=66
pool=1 rawNext=1C000000 next=28 id=99
pool=1 rawNext=1C000000 next=28 id=100
pool=1 rawNext=1C000000 next=28 id=97
pool=1 rawNext=1C000000 next=28 id=94
pool=1 rawNext=1C000000 next=28 id=95
pool=1 rawNext=1C000000 next=28 id=101
pool=1 rawNext=1C000000 next=28 id=96
pool=1 rawNext=1C000000 next=28 id=88
pool=1 rawNext=1C000000 next=28 id=91
pool=1 rawNext=1C000000 next=28 id=93
pool=1 rawNext=1C000000 next=28 id=89
pool=1 rawNext=1C000000 next=28 id=90
pool=1 rawNext=1C000000 next=28 id=784
pool=1 rawNext=1C000000 next=28 id=773
pool=1 rawNext=1C000000 next=28 id=776
pool=1 rawNext=1C000000 next=28 id=778
pool=1 rawNext=1C000000 next=28 id=779
pool=1 rawNext=1C000000 next=28 id=785
pool=1 rawNext=1C000000 next=28 id=782
pool=1 rawNext=1C000000 next=28 id=777
pool=1 rawNext=1C000000 next=28 id=780
pool=1 rawNext=1C000000 next=28 id=781
pool=3 rawNext=24000000 next=36 id=32998
pool=3 rawNext=30000000 next=48 id=32989
pool=3 rawNext=48000000 next=72 id=32995
pool=3 rawNext=54000000 next=84 id=32992
pool=3 rawNext=48000000 next=72 id=33001
pool=3 rawNext=18000000 next=24 id=32993
pool=3 rawNext=18000000 next=24 id=33003
pool=3 rawNext=18000000 next=24 id=32991
pool=3 rawNext=18000000 next=24 id=32994
pool=3 rawNext=30000000 next=48 id=32990
pool=3 rawNext=48000000 next=72 id=32997
pool=3 rawNext=24000000 next=36 id=32999
pool=3 rawNext=24000000 next=36 id=33000
pool=3 rawNext=48000000 next=72 id=33002
pool=3 rawNext=48000000 next=72 id=32996
pool=3 rawNext=30000000 next=48 id=33031
pool=3 rawNext=3C000000 next=60 id=33032
pool=3 rawNext=48000000 next=72 id=33030
pool=3 rawNext=3C000000 next=60 id=33025
pool=3 rawNext=3C000000 next=60 id=33026
pool=3 rawNext=48000000 next=72 id=33027
pool=3 rawNext=3C000000 next=60 id=33034
pool=3 rawNext=48000000 next=72 id=33029
pool=3 rawNext=3C000000 next=60 id=33019
pool=3 rawNext=24000000 next=36 id=33021
pool=3 rawNext=3C000000 next=60 id=33023
pool=3 rawNext=54000000 next=84 id=33020
pool=3 rawNext=3C000000 next=60 id=33033
pool=3 rawNext=3C000000 next=60 id=33024
pool=3 rawNext=24000000 next=36 id=33022
pool=3 rawNext=48000000 next=72 id=33028
pool=3 rawNext=30000000 next=48 id=33841
pool=3 rawNext=30000000 next=48 id=33830
pool=3 rawNext=30000000 next=48 id=33832
pool=3 rawNext=54000000 next=84 id=33835
pool=3 rawNext=3C000000 next=60 id=33842
pool=3 rawNext=3C000000 next=60 id=33843
pool=3 rawNext=48000000 next=72 id=33839
pool=3 rawNext=3C000000 next=60 id=33833
pool=3 rawNext=24000000 next=36 id=33836
pool=3 rawNext=3C000000 next=60 id=33838
pool=3 rawNext=48000000 next=72 id=33840
pool=3 rawNext=3C000000 next=60 id=33834
pool=3 rawNext=30000000 next=48 id=33831
pool=3 rawNext=24000000 next=36 id=33837
missing sample=1100 directories=1 first0=1117
missing sample=1101 directories=1 first0=1117
missing sample=1102 directories=1 first0=1117
missing sample=1166 directories=1 first0=1117
missing sample=1167 directories=1 first0=1117
missing sample=1168 directories=1 first0=1117
missing sample=1194 directories=1 first0=1117
missing sample=1195 directories=1 first0=1117
missing sample=1196 directories=1 first0=1117
missing sample=1197 directories=1 first0=1117
missing sample=1198 directories=1 first0=1117
missing sample=1205 directories=1 first0=1117
missing sample=1206 directories=1 first0=1117
missing sample=1212 directories=1 first0=1117
missing sample=1268 directories=1 first0=1117
missing sample=1269 directories=1 first0=1117
missing sample=1270 directories=1 first0=1117
missing sample=1271 directories=1 first0=1117
missing sample=1272 directories=1 first0=1117
missing sample=1273 directories=1 first0=1117
missing sample=1274 directories=1 first0=1117
missing sample=1275 directories=1 first0=1117
missing sample=1276 directories=1 first0=1117
missing sample=1277 directories=1 first0=1117
missing sample=1278 directories=1 first0=1117
missing sample=1279 directories=1 first0=1117
missing sample=1280 directories=1 first0=1117
missing sample=1281 directories=1 first0=1117
missing sample=1282 directories=1 first0=1117
missing sample=1289 directories=1 first0=1117
missing sample=1290 directories=1 first0=1117
missing sample=1291 directories=1 first0=1117
missing sample=1292 directories=1 first0=1117
missing sample=1293 directories=1 first0=1117
missing sample=1307 directories=1 first0=1117
missing sample=1308 directories=1 first0=1117
missing sample=1368 directories=1 first0=1117
missing sample=1369 directories=1 first0=1117
missing sample=1370 directories=1 first0=1117
missing sample=1371 directories=1 first0=1117
missing sample=1372 directories=1 first0=1117
missing sample=1375 directories=1 first0=1117
missing sample=1377 directories=1 first0=1117
missing sample=1406 directories=1 first0=1117
missing sample=1407 directories=1 first0=1117
missing sample=1408 directories=1 first0=1117
missing sample=1409 directories=1 first0=1117
missing sample=1426 directories=1 first0=1117
missing sample=1427 directories=1 first0=1117
missing sample=1428 directories=1 first0=1117
missing sample=1429 directories=1 first0=1117
pool=0 rawNext=40000000 next=64 id=1416
pool=0 rawNext=40000000 next=64 id=1358
pool=0 rawNext=40000000 next=64 id=1359
pool=0 rawNext=40000000 next=64 id=1360
pool=0 rawNext=40000000 next=64 id=1361
pool=0 rawNext=40000000 next=64 id=1362
pool=0 rawNext=40000000 next=64 id=1363
pool=0 rawNext=40000000 next=64 id=1364
pool=0 rawNext=40000000 next=64 id=1365
pool=0 rawNext=40000000 next=64 id=1366
pool=0 rawNext=40000000 next=64 id=1367
pool=0 rawNext=40000000 next=64 id=1368
pool=0 rawNext=40000000 next=64 id=1369
pool=0 rawNext=40000000 next=64 id=1370
pool=0 rawNext=40000000 next=64 id=1371
pool=0 rawNext=40000000 next=64 id=1372
pool=0 rawNext=40000000 next=64 id=1373
pool=0 rawNext=40000000 next=64 id=1374
pool=0 rawNext=40000000 next=64 id=1375
pool=0 rawNext=40000000 next=64 id=1376
pool=0 rawNext=40000000 next=64 id=1377
pool=0 rawNext=50000000 next=80 id=1378
pool=0 rawNext=50000000 next=80 id=1379
pool=0 rawNext=40000000 next=64 id=1380
pool=0 rawNext=40000000 next=64 id=1381
pool=0 rawNext=40000000 next=64 id=1382
pool=3 rawNext=24000000 next=36 id=32784
pool=3 rawNext=24000000 next=36 id=32785
pool=0 rawNext=50000000 next=80 id=1390
pool=0 rawNext=50000000 next=80 id=1391
pool=0 rawNext=48000000 next=72 id=1388
pool=0 rawNext=48000000 next=72 id=1389
pool=0 rawNext=40000000 next=64 id=1392
pool=0 rawNext=50000000 next=80 id=1393
pool=0 rawNext=60000000 next=96 id=1394
pool=0 rawNext=40000000 next=64 id=1395
pool=0 rawNext=40000000 next=64 id=1396
pool=0 rawNext=50000000 next=80 id=1397
pool=0 rawNext=40000000 next=64 id=1416
pool=3 rawNext=3C000000 next=60 id=32814
